

================================================================
== Synthesis Summary Report of 'matrix_matrix_mult_streaming'
================================================================
+ General Information: 
    * Date:           Tue May 30 21:50:37 2023
    * Version:        2020.2 (Build 3064766 on Wed Nov 18 09:12:47 MST 2020)
    * Project:        matrix_matrix_mult_streaming
    * Solution:       solution1 (Vivado IP Flow Target)
    * Product family: zynquplus
    * Target device:  xczu9eg-ffvb1156-2-e
    

+ Performance & Resource Estimates: 
    
    PS: '+' for module; 'o' for loop; '*' for dataflow
    +---------------------------------------------------------+------+-------+---------+-----------+----------+---------+------+----------+---------+-----------+------------+-------------+-----+
    |                         Modules                         | Issue|       | Latency |  Latency  | Iteration|         | Trip |          |         |           |            |             |     |
    |                         & Loops                         | Type | Slack | (cycles)|    (ns)   |  Latency | Interval| Count| Pipelined|  BRAM   |    DSP    |     FF     |     LUT     | URAM|
    +---------------------------------------------------------+------+-------+---------+-----------+----------+---------+------+----------+---------+-----------+------------+-------------+-----+
    |+ matrix_matrix_mult_streaming                           |     -|  -0.24|      421|  4.210e+03|         -|      422|     -|        no|  8 (~0%)|  399 (15%)|  24842 (4%)|  62598 (22%)|    -|
    | + grp_compute_weights_with_matrix_mult_fu_274           |     -|  -0.40|      326|  3.260e+03|         -|      326|     -|        no|        -|  256 (10%)|   8474 (1%)|   17108 (6%)|    -|
    |  o WEIGHTS_LOOP_VITIS_LOOP_77_1                         |     -|  -7.30|      324|  3.240e+03|         6|        1|   320|       yes|        -|          -|           -|            -|    -|
    | + grp_compute_scores_fu_470                             |     -|  -0.24|       75|    750.000|         -|       75|     -|        no|  8 (~0%)|    64 (2%)|   5836 (1%)|   21138 (7%)|    -|
    |  o VITIS_LOOP_139_1                                     |     -|  -7.30|       32|    320.000|         1|        1|    32|       yes|        -|          -|           -|            -|    -|
    |  o SCORES_LOOP                                          |     -|  -7.30|       23|    230.000|         6|        2|    10|       yes|        -|          -|           -|            -|    -|
    | + grp_compute_biases_with_multiple_dot_products_fu_574  |     -|  -0.68|       15|    150.000|         -|       15|     -|        no|        -|    79 (3%)|   7606 (1%)|   21663 (7%)|    -|
    |  o BIASES_LOOP                                          |     -|  -7.30|       13|    130.000|         5|        1|    10|       yes|        -|          -|           -|            -|    -|
    +---------------------------------------------------------+------+-------+---------+-----------+----------+---------+------+----------+---------+-----------+------------+-------------+-----+

