

================================================================
== Synthesis Summary Report of 'SLDA_final'
================================================================
+ General Information: 
    * Date:           Sun Sep 10 13:55:40 2023
    * Version:        2020.2 (Build 3064766 on Wed Nov 18 09:12:47 MST 2020)
    * Project:        SLDA_final
    * Solution:       solution1 (Vivado IP Flow Target)
    * Product family: zynquplus
    * Target device:  xczu9eg-ffvb1156-2-e
    

+ Performance & Resource Estimates: 
    
    PS: '+' for module; 'o' for loop; '*' for dataflow
    +-----------------------------------------------------------+------+-------+---------+-----------+----------+---------+------+----------+---------+----+------------+-------------+-----+
    |                          Modules                          | Issue|       | Latency |  Latency  | Iteration|         | Trip |          |         |    |            |             |     |
    |                          & Loops                          | Type | Slack | (cycles)|    (ns)   |  Latency | Interval| Count| Pipelined|  BRAM   | DSP|     FF     |     LUT     | URAM|
    +-----------------------------------------------------------+------+-------+---------+-----------+----------+---------+------+----------+---------+----+------------+-------------+-----+
    |+ SLDA_final*                                              |     -|  -0.03|     5610|  5.610e+04|         -|     4827|     -|  dataflow|  5 (~0%)|   -|   7049 (1%)|  41523 (15%)|    -|
    | + grp_SLDA_update_fu_1678                                 |     -|  -0.03|      783|  7.830e+03|         -|      783|     -|        no|  1 (~0%)|   -|  4747 (~0%)|  37403 (13%)|    -|
    |  + grp_compute_biases_with_multiple_dot_products_fu_1604  |     -|  -0.30|       13|    130.000|         -|       13|     -|        no|        -|   -|   858 (~0%)|   13017 (4%)|    -|
    |   o BIASES_LOOP                                           |     -|  -9.00|       11|    110.000|         3|        1|    10|       yes|        -|   -|           -|            -|    -|
    |  + grp_compute_weights_with_matrix_mult_fu_3036           |     -|  -0.03|      644|  6.440e+03|         -|      644|     -|        no|        -|   -|   488 (~0%)|    9548 (3%)|    -|
    |   o WEIGHTS_LOOP_VITIS_LOOP_77_1                          |     -|  -9.00|      642|  6.420e+03|         4|        1|   640|       yes|        -|   -|           -|            -|    -|
    |  + grp_compute_scores_fu_4576                             |     -|  -0.33|      121|  1.210e+03|         -|      121|     -|        no|  1 (~0%)|   -|  1535 (~0%)|   11517 (4%)|    -|
    |   o VITIS_LOOP_153_1                                      |     -|  -9.00|       64|    640.000|         1|        1|    64|       yes|        -|   -|           -|            -|    -|
    |   o SCORES_LOOP                                           |     -|  -9.00|       21|    210.000|         3|        2|    10|       yes|        -|   -|           -|            -|    -|
    | + grp_Block_split2_proc_fu_3254                           |     -|  -6.18|     4826|  4.826e+04|         -|     4826|     -|        no|  4 (~0%)|   -|  1498 (~0%)|   2382 (~0%)|    -|
    |  + grp_update_means_fu_1492                               |     -|  -6.18|      726|  7.260e+03|         -|      726|     -|        no|  4 (~0%)|   -|  1460 (~0%)|   2150 (~0%)|    -|
    |   o VITIS_LOOP_25_1                                       |     -|  -9.00|       64|    640.000|         1|        1|    64|       yes|        -|   -|           -|            -|    -|
    |   o VITIS_LOOP_31_3                                       |     -|  -9.00|       64|    640.000|         2|        1|    64|       yes|        -|   -|           -|            -|    -|
    |   o VITIS_LOOP_31_3                                       |     -|  -9.00|       64|    640.000|         2|        1|    64|       yes|        -|   -|           -|            -|    -|
    |   o VITIS_LOOP_31_3                                       |     -|  -9.00|       64|    640.000|         2|        1|    64|       yes|        -|   -|           -|            -|    -|
    |   o VITIS_LOOP_31_3                                       |     -|  -9.00|       64|    640.000|         2|        1|    64|       yes|        -|   -|           -|            -|    -|
    |   o VITIS_LOOP_31_3                                       |     -|  -9.00|       64|    640.000|         2|        1|    64|       yes|        -|   -|           -|            -|    -|
    |   o VITIS_LOOP_31_3                                       |     -|  -9.00|       64|    640.000|         2|        1|    64|       yes|        -|   -|           -|            -|    -|
    |   o VITIS_LOOP_31_3                                       |     -|  -9.00|       64|    640.000|         2|        1|    64|       yes|        -|   -|           -|            -|    -|
    |   o VITIS_LOOP_31_3                                       |     -|  -9.00|       64|    640.000|         2|        1|    64|       yes|        -|   -|           -|            -|    -|
    |   o VITIS_LOOP_31_3                                       |     -|  -9.00|       64|    640.000|         2|        1|    64|       yes|        -|   -|           -|            -|    -|
    |   o VITIS_LOOP_31_3                                       |     -|  -9.00|       64|    640.000|         2|        1|    64|       yes|        -|   -|           -|            -|    -|
    |  + grp_init_module_fu_2804                                |     -|  -6.86|     4098|  4.098e+04|         -|     4098|     -|        no|        -|   -|    30 (~0%)|    143 (~0%)|    -|
    |   o INIT_LOOP_VITIS_LOOP_39_1                             |     -|  -9.00|     4096|  4.096e+04|         1|        1|  4096|       yes|        -|   -|           -|            -|    -|
    +-----------------------------------------------------------+------+-------+---------+-----------+----------+---------+------+----------+---------+----+------------+-------------+-----+

