

================================================================
== Vitis HLS Report for 'init_module'
================================================================
* Date:           Sun Sep 10 13:54:59 2023

* Version:        2020.2 (Build 3064766 on Wed Nov 18 09:12:47 MST 2020)
* Project:        SLDA_final
* Solution:       solution1 (Vivado IP Flow Target)
* Product family: zynquplus
* Target device:  xczu9eg-ffvb1156-2-e


================================================================
== Performance Estimates
================================================================
+ Timing: 
    * Summary: 
    +--------+----------+----------+------------+
    |  Clock |  Target  | Estimated| Uncertainty|
    +--------+----------+----------+------------+
    |ap_clk  |  10.00 ns|  2.141 ns|     1.00 ns|
    +--------+----------+----------+------------+

+ Latency: 
    * Summary: 
    +---------+---------+-----------+-----------+------+------+---------+
    |  Latency (cycles) |   Latency (absolute)  |   Interval  | Pipeline|
    |   min   |   max   |    min    |    max    |  min |  max |   Type  |
    +---------+---------+-----------+-----------+------+------+---------+
    |     4098|     4098|  40.980 us|  40.980 us|  4098|  4098|     none|
    +---------+---------+-----------+-----------+------+------+---------+

    + Detail: 
        * Instance: 
        N/A

        * Loop: 
        +-----------------------------+---------+---------+----------+-----------+-----------+------+----------+
        |                             |  Latency (cycles) | Iteration|  Initiation Interval  | Trip |          |
        |          Loop Name          |   min   |   max   |  Latency |  achieved |   target  | Count| Pipelined|
        +-----------------------------+---------+---------+----------+-----------+-----------+------+----------+
        |- INIT_LOOP_VITIS_LOOP_39_1  |     4096|     4096|         1|          1|          1|  4096|       yes|
        +-----------------------------+---------+---------+----------+-----------+-----------+------+----------+



================================================================
== Utilization Estimates
================================================================
* Summary: 
+-----------------+---------+------+--------+--------+-----+
|       Name      | BRAM_18K|  DSP |   FF   |   LUT  | URAM|
+-----------------+---------+------+--------+--------+-----+
|DSP              |        -|     -|       -|       -|    -|
|Expression       |        -|     -|       0|      87|    -|
|FIFO             |        -|     -|       -|       -|    -|
|Instance         |        -|     -|       -|       -|    -|
|Memory           |        -|     -|       -|       -|    -|
|Multiplexer      |        -|     -|       -|      56|    -|
|Register         |        -|     -|      30|       -|    -|
+-----------------+---------+------+--------+--------+-----+
|Total            |        0|     0|      30|     143|    0|
+-----------------+---------+------+--------+--------+-----+
|Available        |     1824|  2520|  548160|  274080|    0|
+-----------------+---------+------+--------+--------+-----+
|Utilization (%)  |        0|     0|      ~0|      ~0|    0|
+-----------------+---------+------+--------+--------+-----+

+ Detail: 
    * Instance: 
    N/A

    * DSP: 
    N/A

    * Memory: 
    N/A

    * FIFO: 
    N/A

    * Expression: 
    +--------------------------+----------+----+---+----+------------+------------+
    |       Variable Name      | Operation| DSP| FF| LUT| Bitwidth P0| Bitwidth P1|
    +--------------------------+----------+----+---+----+------------+------------+
    |add_ln38_1_fu_1223_p2     |         +|   0|  0|  14|           7|           1|
    |add_ln38_fu_1197_p2       |         +|   0|  0|  20|          13|           1|
    |add_ln39_fu_1381_p2       |         +|   0|  0|  14|           7|           1|
    |ap_block_state2           |       and|   0|  0|   2|           1|           1|
    |icmp_ln38_fu_1203_p2      |      icmp|   0|  0|  12|          13|          14|
    |icmp_ln39_fu_1209_p2      |      icmp|   0|  0|  11|           7|           8|
    |select_ln38_1_fu_1229_p3  |    select|   0|  0|   7|           1|           7|
    |select_ln38_fu_1215_p3    |    select|   0|  0|   7|           1|           1|
    +--------------------------+----------+----+---+----+------------+------------+
    |Total                     |          |   0|  0|  87|          50|          34|
    +--------------------------+----------+----+---+----+------------+------------+

    * Multiplexer: 
    +-------------------------+----+-----------+-----+-----------+
    |           Name          | LUT| Input Size| Bits| Total Bits|
    +-------------------------+----+-----------+-----+-----------+
    |Lambda_TDATA_blk_n       |   9|          2|    1|          2|
    |ap_NS_fsm                |  20|          4|    1|          4|
    |i_reg_1175               |   9|          2|    7|         14|
    |indvar_flatten_reg_1164  |   9|          2|   13|         26|
    |j_reg_1186               |   9|          2|    7|         14|
    +-------------------------+----+-----------+-----+-----------+
    |Total                    |  56|         12|   29|         60|
    +-------------------------+----+-----------+-----+-----------+

    * Register: 
    +-------------------------+----+----+-----+-----------+
    |           Name          | FF | LUT| Bits| Const Bits|
    +-------------------------+----+----+-----+-----------+
    |ap_CS_fsm                |   3|   0|    3|          0|
    |i_reg_1175               |   7|   0|    7|          0|
    |indvar_flatten_reg_1164  |  13|   0|   13|          0|
    |j_reg_1186               |   7|   0|    7|          0|
    +-------------------------+----+----+-----+-----------+
    |Total                    |  30|   0|   30|          0|
    +-------------------------+----+----+-----+-----------+



================================================================
== Interface
================================================================
* Summary: 
+----------------------+-----+-----+------------+-----------------+--------------+
|       RTL Ports      | Dir | Bits|  Protocol  |  Source Object  |    C Type    |
+----------------------+-----+-----+------------+-----------------+--------------+
|ap_clk                |   in|    1|  ap_ctrl_hs|      init_module|  return value|
|ap_rst                |   in|    1|  ap_ctrl_hs|      init_module|  return value|
|ap_start              |   in|    1|  ap_ctrl_hs|      init_module|  return value|
|ap_done               |  out|    1|  ap_ctrl_hs|      init_module|  return value|
|ap_idle               |  out|    1|  ap_ctrl_hs|      init_module|  return value|
|ap_ready              |  out|    1|  ap_ctrl_hs|      init_module|  return value|
|Lambda_TDATA          |   in|  128|        axis|  Lambda_V_data_V|       pointer|
|Lambda_TVALID         |   in|    1|        axis|  Lambda_V_dest_V|       pointer|
|Lambda_TREADY         |  out|    1|        axis|  Lambda_V_dest_V|       pointer|
|Lambda_TDEST          |   in|    6|        axis|  Lambda_V_dest_V|       pointer|
|Lambda_TKEEP          |   in|   16|        axis|  Lambda_V_keep_V|       pointer|
|Lambda_TSTRB          |   in|   16|        axis|  Lambda_V_strb_V|       pointer|
|Lambda_TUSER          |   in|    2|        axis|  Lambda_V_user_V|       pointer|
|Lambda_TLAST          |   in|    1|        axis|  Lambda_V_last_V|       pointer|
|Lambda_TID            |   in|    5|        axis|    Lambda_V_id_V|       pointer|
|lambda_V_0_address0   |  out|    6|   ap_memory|       lambda_V_0|         array|
|lambda_V_0_ce0        |  out|    1|   ap_memory|       lambda_V_0|         array|
|lambda_V_0_we0        |  out|    1|   ap_memory|       lambda_V_0|         array|
|lambda_V_0_d0         |  out|    4|   ap_memory|       lambda_V_0|         array|
|lambda_V_1_address0   |  out|    6|   ap_memory|       lambda_V_1|         array|
|lambda_V_1_ce0        |  out|    1|   ap_memory|       lambda_V_1|         array|
|lambda_V_1_we0        |  out|    1|   ap_memory|       lambda_V_1|         array|
|lambda_V_1_d0         |  out|    4|   ap_memory|       lambda_V_1|         array|
|lambda_V_2_address0   |  out|    6|   ap_memory|       lambda_V_2|         array|
|lambda_V_2_ce0        |  out|    1|   ap_memory|       lambda_V_2|         array|
|lambda_V_2_we0        |  out|    1|   ap_memory|       lambda_V_2|         array|
|lambda_V_2_d0         |  out|    4|   ap_memory|       lambda_V_2|         array|
|lambda_V_3_address0   |  out|    6|   ap_memory|       lambda_V_3|         array|
|lambda_V_3_ce0        |  out|    1|   ap_memory|       lambda_V_3|         array|
|lambda_V_3_we0        |  out|    1|   ap_memory|       lambda_V_3|         array|
|lambda_V_3_d0         |  out|    4|   ap_memory|       lambda_V_3|         array|
|lambda_V_4_address0   |  out|    6|   ap_memory|       lambda_V_4|         array|
|lambda_V_4_ce0        |  out|    1|   ap_memory|       lambda_V_4|         array|
|lambda_V_4_we0        |  out|    1|   ap_memory|       lambda_V_4|         array|
|lambda_V_4_d0         |  out|    4|   ap_memory|       lambda_V_4|         array|
|lambda_V_5_address0   |  out|    6|   ap_memory|       lambda_V_5|         array|
|lambda_V_5_ce0        |  out|    1|   ap_memory|       lambda_V_5|         array|
|lambda_V_5_we0        |  out|    1|   ap_memory|       lambda_V_5|         array|
|lambda_V_5_d0         |  out|    4|   ap_memory|       lambda_V_5|         array|
|lambda_V_6_address0   |  out|    6|   ap_memory|       lambda_V_6|         array|
|lambda_V_6_ce0        |  out|    1|   ap_memory|       lambda_V_6|         array|
|lambda_V_6_we0        |  out|    1|   ap_memory|       lambda_V_6|         array|
|lambda_V_6_d0         |  out|    4|   ap_memory|       lambda_V_6|         array|
|lambda_V_7_address0   |  out|    6|   ap_memory|       lambda_V_7|         array|
|lambda_V_7_ce0        |  out|    1|   ap_memory|       lambda_V_7|         array|
|lambda_V_7_we0        |  out|    1|   ap_memory|       lambda_V_7|         array|
|lambda_V_7_d0         |  out|    4|   ap_memory|       lambda_V_7|         array|
|lambda_V_8_address0   |  out|    6|   ap_memory|       lambda_V_8|         array|
|lambda_V_8_ce0        |  out|    1|   ap_memory|       lambda_V_8|         array|
|lambda_V_8_we0        |  out|    1|   ap_memory|       lambda_V_8|         array|
|lambda_V_8_d0         |  out|    4|   ap_memory|       lambda_V_8|         array|
|lambda_V_9_address0   |  out|    6|   ap_memory|       lambda_V_9|         array|
|lambda_V_9_ce0        |  out|    1|   ap_memory|       lambda_V_9|         array|
|lambda_V_9_we0        |  out|    1|   ap_memory|       lambda_V_9|         array|
|lambda_V_9_d0         |  out|    4|   ap_memory|       lambda_V_9|         array|
|lambda_V_10_address0  |  out|    6|   ap_memory|      lambda_V_10|         array|
|lambda_V_10_ce0       |  out|    1|   ap_memory|      lambda_V_10|         array|
|lambda_V_10_we0       |  out|    1|   ap_memory|      lambda_V_10|         array|
|lambda_V_10_d0        |  out|    4|   ap_memory|      lambda_V_10|         array|
|lambda_V_11_address0  |  out|    6|   ap_memory|      lambda_V_11|         array|
|lambda_V_11_ce0       |  out|    1|   ap_memory|      lambda_V_11|         array|
|lambda_V_11_we0       |  out|    1|   ap_memory|      lambda_V_11|         array|
|lambda_V_11_d0        |  out|    4|   ap_memory|      lambda_V_11|         array|
|lambda_V_12_address0  |  out|    6|   ap_memory|      lambda_V_12|         array|
|lambda_V_12_ce0       |  out|    1|   ap_memory|      lambda_V_12|         array|
|lambda_V_12_we0       |  out|    1|   ap_memory|      lambda_V_12|         array|
|lambda_V_12_d0        |  out|    4|   ap_memory|      lambda_V_12|         array|
|lambda_V_13_address0  |  out|    6|   ap_memory|      lambda_V_13|         array|
|lambda_V_13_ce0       |  out|    1|   ap_memory|      lambda_V_13|         array|
|lambda_V_13_we0       |  out|    1|   ap_memory|      lambda_V_13|         array|
|lambda_V_13_d0        |  out|    4|   ap_memory|      lambda_V_13|         array|
|lambda_V_14_address0  |  out|    6|   ap_memory|      lambda_V_14|         array|
|lambda_V_14_ce0       |  out|    1|   ap_memory|      lambda_V_14|         array|
|lambda_V_14_we0       |  out|    1|   ap_memory|      lambda_V_14|         array|
|lambda_V_14_d0        |  out|    4|   ap_memory|      lambda_V_14|         array|
|lambda_V_15_address0  |  out|    6|   ap_memory|      lambda_V_15|         array|
|lambda_V_15_ce0       |  out|    1|   ap_memory|      lambda_V_15|         array|
|lambda_V_15_we0       |  out|    1|   ap_memory|      lambda_V_15|         array|
|lambda_V_15_d0        |  out|    4|   ap_memory|      lambda_V_15|         array|
|lambda_V_16_address0  |  out|    6|   ap_memory|      lambda_V_16|         array|
|lambda_V_16_ce0       |  out|    1|   ap_memory|      lambda_V_16|         array|
|lambda_V_16_we0       |  out|    1|   ap_memory|      lambda_V_16|         array|
|lambda_V_16_d0        |  out|    4|   ap_memory|      lambda_V_16|         array|
|lambda_V_17_address0  |  out|    6|   ap_memory|      lambda_V_17|         array|
|lambda_V_17_ce0       |  out|    1|   ap_memory|      lambda_V_17|         array|
|lambda_V_17_we0       |  out|    1|   ap_memory|      lambda_V_17|         array|
|lambda_V_17_d0        |  out|    4|   ap_memory|      lambda_V_17|         array|
|lambda_V_18_address0  |  out|    6|   ap_memory|      lambda_V_18|         array|
|lambda_V_18_ce0       |  out|    1|   ap_memory|      lambda_V_18|         array|
|lambda_V_18_we0       |  out|    1|   ap_memory|      lambda_V_18|         array|
|lambda_V_18_d0        |  out|    4|   ap_memory|      lambda_V_18|         array|
|lambda_V_19_address0  |  out|    6|   ap_memory|      lambda_V_19|         array|
|lambda_V_19_ce0       |  out|    1|   ap_memory|      lambda_V_19|         array|
|lambda_V_19_we0       |  out|    1|   ap_memory|      lambda_V_19|         array|
|lambda_V_19_d0        |  out|    4|   ap_memory|      lambda_V_19|         array|
|lambda_V_20_address0  |  out|    6|   ap_memory|      lambda_V_20|         array|
|lambda_V_20_ce0       |  out|    1|   ap_memory|      lambda_V_20|         array|
|lambda_V_20_we0       |  out|    1|   ap_memory|      lambda_V_20|         array|
|lambda_V_20_d0        |  out|    4|   ap_memory|      lambda_V_20|         array|
|lambda_V_21_address0  |  out|    6|   ap_memory|      lambda_V_21|         array|
|lambda_V_21_ce0       |  out|    1|   ap_memory|      lambda_V_21|         array|
|lambda_V_21_we0       |  out|    1|   ap_memory|      lambda_V_21|         array|
|lambda_V_21_d0        |  out|    4|   ap_memory|      lambda_V_21|         array|
|lambda_V_22_address0  |  out|    6|   ap_memory|      lambda_V_22|         array|
|lambda_V_22_ce0       |  out|    1|   ap_memory|      lambda_V_22|         array|
|lambda_V_22_we0       |  out|    1|   ap_memory|      lambda_V_22|         array|
|lambda_V_22_d0        |  out|    4|   ap_memory|      lambda_V_22|         array|
|lambda_V_23_address0  |  out|    6|   ap_memory|      lambda_V_23|         array|
|lambda_V_23_ce0       |  out|    1|   ap_memory|      lambda_V_23|         array|
|lambda_V_23_we0       |  out|    1|   ap_memory|      lambda_V_23|         array|
|lambda_V_23_d0        |  out|    4|   ap_memory|      lambda_V_23|         array|
|lambda_V_24_address0  |  out|    6|   ap_memory|      lambda_V_24|         array|
|lambda_V_24_ce0       |  out|    1|   ap_memory|      lambda_V_24|         array|
|lambda_V_24_we0       |  out|    1|   ap_memory|      lambda_V_24|         array|
|lambda_V_24_d0        |  out|    4|   ap_memory|      lambda_V_24|         array|
|lambda_V_25_address0  |  out|    6|   ap_memory|      lambda_V_25|         array|
|lambda_V_25_ce0       |  out|    1|   ap_memory|      lambda_V_25|         array|
|lambda_V_25_we0       |  out|    1|   ap_memory|      lambda_V_25|         array|
|lambda_V_25_d0        |  out|    4|   ap_memory|      lambda_V_25|         array|
|lambda_V_26_address0  |  out|    6|   ap_memory|      lambda_V_26|         array|
|lambda_V_26_ce0       |  out|    1|   ap_memory|      lambda_V_26|         array|
|lambda_V_26_we0       |  out|    1|   ap_memory|      lambda_V_26|         array|
|lambda_V_26_d0        |  out|    4|   ap_memory|      lambda_V_26|         array|
|lambda_V_27_address0  |  out|    6|   ap_memory|      lambda_V_27|         array|
|lambda_V_27_ce0       |  out|    1|   ap_memory|      lambda_V_27|         array|
|lambda_V_27_we0       |  out|    1|   ap_memory|      lambda_V_27|         array|
|lambda_V_27_d0        |  out|    4|   ap_memory|      lambda_V_27|         array|
|lambda_V_28_address0  |  out|    6|   ap_memory|      lambda_V_28|         array|
|lambda_V_28_ce0       |  out|    1|   ap_memory|      lambda_V_28|         array|
|lambda_V_28_we0       |  out|    1|   ap_memory|      lambda_V_28|         array|
|lambda_V_28_d0        |  out|    4|   ap_memory|      lambda_V_28|         array|
|lambda_V_29_address0  |  out|    6|   ap_memory|      lambda_V_29|         array|
|lambda_V_29_ce0       |  out|    1|   ap_memory|      lambda_V_29|         array|
|lambda_V_29_we0       |  out|    1|   ap_memory|      lambda_V_29|         array|
|lambda_V_29_d0        |  out|    4|   ap_memory|      lambda_V_29|         array|
|lambda_V_30_address0  |  out|    6|   ap_memory|      lambda_V_30|         array|
|lambda_V_30_ce0       |  out|    1|   ap_memory|      lambda_V_30|         array|
|lambda_V_30_we0       |  out|    1|   ap_memory|      lambda_V_30|         array|
|lambda_V_30_d0        |  out|    4|   ap_memory|      lambda_V_30|         array|
|lambda_V_31_address0  |  out|    6|   ap_memory|      lambda_V_31|         array|
|lambda_V_31_ce0       |  out|    1|   ap_memory|      lambda_V_31|         array|
|lambda_V_31_we0       |  out|    1|   ap_memory|      lambda_V_31|         array|
|lambda_V_31_d0        |  out|    4|   ap_memory|      lambda_V_31|         array|
|lambda_V_32_address0  |  out|    6|   ap_memory|      lambda_V_32|         array|
|lambda_V_32_ce0       |  out|    1|   ap_memory|      lambda_V_32|         array|
|lambda_V_32_we0       |  out|    1|   ap_memory|      lambda_V_32|         array|
|lambda_V_32_d0        |  out|    4|   ap_memory|      lambda_V_32|         array|
|lambda_V_33_address0  |  out|    6|   ap_memory|      lambda_V_33|         array|
|lambda_V_33_ce0       |  out|    1|   ap_memory|      lambda_V_33|         array|
|lambda_V_33_we0       |  out|    1|   ap_memory|      lambda_V_33|         array|
|lambda_V_33_d0        |  out|    4|   ap_memory|      lambda_V_33|         array|
|lambda_V_34_address0  |  out|    6|   ap_memory|      lambda_V_34|         array|
|lambda_V_34_ce0       |  out|    1|   ap_memory|      lambda_V_34|         array|
|lambda_V_34_we0       |  out|    1|   ap_memory|      lambda_V_34|         array|
|lambda_V_34_d0        |  out|    4|   ap_memory|      lambda_V_34|         array|
|lambda_V_35_address0  |  out|    6|   ap_memory|      lambda_V_35|         array|
|lambda_V_35_ce0       |  out|    1|   ap_memory|      lambda_V_35|         array|
|lambda_V_35_we0       |  out|    1|   ap_memory|      lambda_V_35|         array|
|lambda_V_35_d0        |  out|    4|   ap_memory|      lambda_V_35|         array|
|lambda_V_36_address0  |  out|    6|   ap_memory|      lambda_V_36|         array|
|lambda_V_36_ce0       |  out|    1|   ap_memory|      lambda_V_36|         array|
|lambda_V_36_we0       |  out|    1|   ap_memory|      lambda_V_36|         array|
|lambda_V_36_d0        |  out|    4|   ap_memory|      lambda_V_36|         array|
|lambda_V_37_address0  |  out|    6|   ap_memory|      lambda_V_37|         array|
|lambda_V_37_ce0       |  out|    1|   ap_memory|      lambda_V_37|         array|
|lambda_V_37_we0       |  out|    1|   ap_memory|      lambda_V_37|         array|
|lambda_V_37_d0        |  out|    4|   ap_memory|      lambda_V_37|         array|
|lambda_V_38_address0  |  out|    6|   ap_memory|      lambda_V_38|         array|
|lambda_V_38_ce0       |  out|    1|   ap_memory|      lambda_V_38|         array|
|lambda_V_38_we0       |  out|    1|   ap_memory|      lambda_V_38|         array|
|lambda_V_38_d0        |  out|    4|   ap_memory|      lambda_V_38|         array|
|lambda_V_39_address0  |  out|    6|   ap_memory|      lambda_V_39|         array|
|lambda_V_39_ce0       |  out|    1|   ap_memory|      lambda_V_39|         array|
|lambda_V_39_we0       |  out|    1|   ap_memory|      lambda_V_39|         array|
|lambda_V_39_d0        |  out|    4|   ap_memory|      lambda_V_39|         array|
|lambda_V_40_address0  |  out|    6|   ap_memory|      lambda_V_40|         array|
|lambda_V_40_ce0       |  out|    1|   ap_memory|      lambda_V_40|         array|
|lambda_V_40_we0       |  out|    1|   ap_memory|      lambda_V_40|         array|
|lambda_V_40_d0        |  out|    4|   ap_memory|      lambda_V_40|         array|
|lambda_V_41_address0  |  out|    6|   ap_memory|      lambda_V_41|         array|
|lambda_V_41_ce0       |  out|    1|   ap_memory|      lambda_V_41|         array|
|lambda_V_41_we0       |  out|    1|   ap_memory|      lambda_V_41|         array|
|lambda_V_41_d0        |  out|    4|   ap_memory|      lambda_V_41|         array|
|lambda_V_42_address0  |  out|    6|   ap_memory|      lambda_V_42|         array|
|lambda_V_42_ce0       |  out|    1|   ap_memory|      lambda_V_42|         array|
|lambda_V_42_we0       |  out|    1|   ap_memory|      lambda_V_42|         array|
|lambda_V_42_d0        |  out|    4|   ap_memory|      lambda_V_42|         array|
|lambda_V_43_address0  |  out|    6|   ap_memory|      lambda_V_43|         array|
|lambda_V_43_ce0       |  out|    1|   ap_memory|      lambda_V_43|         array|
|lambda_V_43_we0       |  out|    1|   ap_memory|      lambda_V_43|         array|
|lambda_V_43_d0        |  out|    4|   ap_memory|      lambda_V_43|         array|
|lambda_V_44_address0  |  out|    6|   ap_memory|      lambda_V_44|         array|
|lambda_V_44_ce0       |  out|    1|   ap_memory|      lambda_V_44|         array|
|lambda_V_44_we0       |  out|    1|   ap_memory|      lambda_V_44|         array|
|lambda_V_44_d0        |  out|    4|   ap_memory|      lambda_V_44|         array|
|lambda_V_45_address0  |  out|    6|   ap_memory|      lambda_V_45|         array|
|lambda_V_45_ce0       |  out|    1|   ap_memory|      lambda_V_45|         array|
|lambda_V_45_we0       |  out|    1|   ap_memory|      lambda_V_45|         array|
|lambda_V_45_d0        |  out|    4|   ap_memory|      lambda_V_45|         array|
|lambda_V_46_address0  |  out|    6|   ap_memory|      lambda_V_46|         array|
|lambda_V_46_ce0       |  out|    1|   ap_memory|      lambda_V_46|         array|
|lambda_V_46_we0       |  out|    1|   ap_memory|      lambda_V_46|         array|
|lambda_V_46_d0        |  out|    4|   ap_memory|      lambda_V_46|         array|
|lambda_V_47_address0  |  out|    6|   ap_memory|      lambda_V_47|         array|
|lambda_V_47_ce0       |  out|    1|   ap_memory|      lambda_V_47|         array|
|lambda_V_47_we0       |  out|    1|   ap_memory|      lambda_V_47|         array|
|lambda_V_47_d0        |  out|    4|   ap_memory|      lambda_V_47|         array|
|lambda_V_48_address0  |  out|    6|   ap_memory|      lambda_V_48|         array|
|lambda_V_48_ce0       |  out|    1|   ap_memory|      lambda_V_48|         array|
|lambda_V_48_we0       |  out|    1|   ap_memory|      lambda_V_48|         array|
|lambda_V_48_d0        |  out|    4|   ap_memory|      lambda_V_48|         array|
|lambda_V_49_address0  |  out|    6|   ap_memory|      lambda_V_49|         array|
|lambda_V_49_ce0       |  out|    1|   ap_memory|      lambda_V_49|         array|
|lambda_V_49_we0       |  out|    1|   ap_memory|      lambda_V_49|         array|
|lambda_V_49_d0        |  out|    4|   ap_memory|      lambda_V_49|         array|
|lambda_V_50_address0  |  out|    6|   ap_memory|      lambda_V_50|         array|
|lambda_V_50_ce0       |  out|    1|   ap_memory|      lambda_V_50|         array|
|lambda_V_50_we0       |  out|    1|   ap_memory|      lambda_V_50|         array|
|lambda_V_50_d0        |  out|    4|   ap_memory|      lambda_V_50|         array|
|lambda_V_51_address0  |  out|    6|   ap_memory|      lambda_V_51|         array|
|lambda_V_51_ce0       |  out|    1|   ap_memory|      lambda_V_51|         array|
|lambda_V_51_we0       |  out|    1|   ap_memory|      lambda_V_51|         array|
|lambda_V_51_d0        |  out|    4|   ap_memory|      lambda_V_51|         array|
|lambda_V_52_address0  |  out|    6|   ap_memory|      lambda_V_52|         array|
|lambda_V_52_ce0       |  out|    1|   ap_memory|      lambda_V_52|         array|
|lambda_V_52_we0       |  out|    1|   ap_memory|      lambda_V_52|         array|
|lambda_V_52_d0        |  out|    4|   ap_memory|      lambda_V_52|         array|
|lambda_V_53_address0  |  out|    6|   ap_memory|      lambda_V_53|         array|
|lambda_V_53_ce0       |  out|    1|   ap_memory|      lambda_V_53|         array|
|lambda_V_53_we0       |  out|    1|   ap_memory|      lambda_V_53|         array|
|lambda_V_53_d0        |  out|    4|   ap_memory|      lambda_V_53|         array|
|lambda_V_54_address0  |  out|    6|   ap_memory|      lambda_V_54|         array|
|lambda_V_54_ce0       |  out|    1|   ap_memory|      lambda_V_54|         array|
|lambda_V_54_we0       |  out|    1|   ap_memory|      lambda_V_54|         array|
|lambda_V_54_d0        |  out|    4|   ap_memory|      lambda_V_54|         array|
|lambda_V_55_address0  |  out|    6|   ap_memory|      lambda_V_55|         array|
|lambda_V_55_ce0       |  out|    1|   ap_memory|      lambda_V_55|         array|
|lambda_V_55_we0       |  out|    1|   ap_memory|      lambda_V_55|         array|
|lambda_V_55_d0        |  out|    4|   ap_memory|      lambda_V_55|         array|
|lambda_V_56_address0  |  out|    6|   ap_memory|      lambda_V_56|         array|
|lambda_V_56_ce0       |  out|    1|   ap_memory|      lambda_V_56|         array|
|lambda_V_56_we0       |  out|    1|   ap_memory|      lambda_V_56|         array|
|lambda_V_56_d0        |  out|    4|   ap_memory|      lambda_V_56|         array|
|lambda_V_57_address0  |  out|    6|   ap_memory|      lambda_V_57|         array|
|lambda_V_57_ce0       |  out|    1|   ap_memory|      lambda_V_57|         array|
|lambda_V_57_we0       |  out|    1|   ap_memory|      lambda_V_57|         array|
|lambda_V_57_d0        |  out|    4|   ap_memory|      lambda_V_57|         array|
|lambda_V_58_address0  |  out|    6|   ap_memory|      lambda_V_58|         array|
|lambda_V_58_ce0       |  out|    1|   ap_memory|      lambda_V_58|         array|
|lambda_V_58_we0       |  out|    1|   ap_memory|      lambda_V_58|         array|
|lambda_V_58_d0        |  out|    4|   ap_memory|      lambda_V_58|         array|
|lambda_V_59_address0  |  out|    6|   ap_memory|      lambda_V_59|         array|
|lambda_V_59_ce0       |  out|    1|   ap_memory|      lambda_V_59|         array|
|lambda_V_59_we0       |  out|    1|   ap_memory|      lambda_V_59|         array|
|lambda_V_59_d0        |  out|    4|   ap_memory|      lambda_V_59|         array|
|lambda_V_60_address0  |  out|    6|   ap_memory|      lambda_V_60|         array|
|lambda_V_60_ce0       |  out|    1|   ap_memory|      lambda_V_60|         array|
|lambda_V_60_we0       |  out|    1|   ap_memory|      lambda_V_60|         array|
|lambda_V_60_d0        |  out|    4|   ap_memory|      lambda_V_60|         array|
|lambda_V_61_address0  |  out|    6|   ap_memory|      lambda_V_61|         array|
|lambda_V_61_ce0       |  out|    1|   ap_memory|      lambda_V_61|         array|
|lambda_V_61_we0       |  out|    1|   ap_memory|      lambda_V_61|         array|
|lambda_V_61_d0        |  out|    4|   ap_memory|      lambda_V_61|         array|
|lambda_V_62_address0  |  out|    6|   ap_memory|      lambda_V_62|         array|
|lambda_V_62_ce0       |  out|    1|   ap_memory|      lambda_V_62|         array|
|lambda_V_62_we0       |  out|    1|   ap_memory|      lambda_V_62|         array|
|lambda_V_62_d0        |  out|    4|   ap_memory|      lambda_V_62|         array|
|lambda_V_63_address0  |  out|    6|   ap_memory|      lambda_V_63|         array|
|lambda_V_63_ce0       |  out|    1|   ap_memory|      lambda_V_63|         array|
|lambda_V_63_we0       |  out|    1|   ap_memory|      lambda_V_63|         array|
|lambda_V_63_d0        |  out|    4|   ap_memory|      lambda_V_63|         array|
+----------------------+-----+-----+------------+-----------------+--------------+

